../Drivers/CMSIS/Include/core_cm7.h:1911:22:__NVIC_EnableIRQ	16	static,ignoring_inline_asm
../Drivers/CMSIS/Include/core_cm7.h:1949:22:__NVIC_DisableIRQ	16	static,ignoring_inline_asm
../Drivers/lvgl/src/draw/dma2d/lv_draw_dma2d.c:61:6:lv_draw_dma2d_init	16	static
../Drivers/lvgl/src/draw/dma2d/lv_draw_dma2d.c:95:6:lv_draw_dma2d_deinit	8	static
../Drivers/lvgl/src/draw/dma2d/lv_draw_dma2d.c:126:27:lv_draw_dma2d_cf_to_dma2d_output_cf	16	static
../Drivers/lvgl/src/draw/dma2d/lv_draw_dma2d.c:144:10:lv_draw_dma2d_color_to_dma2d_color	16	static
../Drivers/lvgl/src/draw/dma2d/lv_draw_dma2d.c:158:6:lv_draw_dma2d_configure_and_start_transfer	16	static,ignoring_inline_asm
../Drivers/lvgl/src/draw/dma2d/lv_draw_dma2d.c:209:6:lv_draw_dma2d_invalidate_cache	32	static,ignoring_inline_asm
../Drivers/lvgl/src/draw/dma2d/lv_draw_dma2d.c:217:6:lv_draw_dma2d_clean_cache	32	static,ignoring_inline_asm
../Drivers/lvgl/src/draw/dma2d/lv_draw_dma2d.c:230:16:evaluate_cb	24	static
../Drivers/lvgl/src/draw/dma2d/lv_draw_dma2d.c:283:16:dispatch_cb	96	static
../Drivers/lvgl/src/draw/dma2d/lv_draw_dma2d.c:361:16:delete_cb	16	static
../Drivers/lvgl/src/draw/dma2d/lv_draw_dma2d.c:381:13:check_transfer_completion	4	static
../Drivers/lvgl/src/draw/dma2d/lv_draw_dma2d.c:387:13:post_transfer_tasks	16	static
