../Drivers/lvgl/src/misc/cache/instance/../../../draw/lv_draw_buf.h:324:20:lv_draw_buf_has_flag	16	static
../Drivers/lvgl/src/misc/cache/instance/lv_image_cache.c:55:13:lv_image_cache_init	40	static
../Drivers/lvgl/src/misc/cache/instance/lv_image_cache.c:72:6:lv_image_cache_resize	16	static
../Drivers/lvgl/src/misc/cache/instance/lv_image_cache.c:80:6:lv_image_cache_drop	40	static
../Drivers/lvgl/src/misc/cache/instance/lv_image_cache.c:101:6:lv_image_cache_is_enabled	8	static
../Drivers/lvgl/src/misc/cache/instance/lv_image_cache.c:106:13:lv_image_cache_iter_create	8	static
../Drivers/lvgl/src/misc/cache/instance/lv_image_cache.c:111:6:lv_image_cache_dump	16	static
../Drivers/lvgl/src/misc/cache/instance/lv_image_cache.c:126:38:image_cache_common_compare	32	static
../Drivers/lvgl/src/misc/cache/instance/lv_image_cache.c:146:31:image_cache_compare_cb	16	static
../Drivers/lvgl/src/misc/cache/instance/lv_image_cache.c:153:13:image_cache_free_cb	24	static
../Drivers/lvgl/src/misc/cache/instance/lv_image_cache.c:167:13:iter_inspect_cb	32	static
