../Drivers/lvgl/src/draw/../misc/../stdlib/lv_string.h:73:20:lv_memzero	16	static
../Drivers/lvgl/src/draw/lv_draw_buf.h:324:20:lv_draw_buf_has_flag	16	static
../Drivers/lvgl/src/draw/lv_draw_buf.h:334:20:lv_draw_buf_set_flag	16	static
../Drivers/lvgl/src/draw/lv_draw_buf.c:55:6:lv_draw_buf_init_handlers	8	static
../Drivers/lvgl/src/draw/lv_draw_buf.c:62:6:lv_draw_buf_init_with_default_handlers	32	static
../Drivers/lvgl/src/draw/lv_draw_buf.c:67:6:lv_draw_buf_handlers_init	24	static
../Drivers/lvgl/src/draw/lv_draw_buf.c:86:26:lv_draw_buf_get_handlers	4	static
../Drivers/lvgl/src/draw/lv_draw_buf.c:91:26:lv_draw_buf_get_font_handlers	4	static
../Drivers/lvgl/src/draw/lv_draw_buf.c:96:26:lv_draw_buf_get_image_handlers	4	static
../Drivers/lvgl/src/draw/lv_draw_buf.c:101:10:lv_draw_buf_width_to_stride	16	static
../Drivers/lvgl/src/draw/lv_draw_buf.c:106:10:lv_draw_buf_width_to_stride_ex	24	static
../Drivers/lvgl/src/draw/lv_draw_buf.c:113:8:lv_draw_buf_align	16	static
../Drivers/lvgl/src/draw/lv_draw_buf.c:118:8:lv_draw_buf_align_ex	24	static
../Drivers/lvgl/src/draw/lv_draw_buf.c:124:6:lv_draw_buf_invalidate_cache	40	static
../Drivers/lvgl/src/draw/lv_draw_buf.c:146:6:lv_draw_buf_flush_cache	40	static
../Drivers/lvgl/src/draw/lv_draw_buf.c:168:6:lv_draw_buf_clear	80	static
../Drivers/lvgl/src/draw/lv_draw_buf.c:218:13:lv_draw_buf_init	32	static
../Drivers/lvgl/src/draw/lv_draw_buf.c:250:17:lv_draw_buf_create	32	static
../Drivers/lvgl/src/draw/lv_draw_buf.c:255:17:lv_draw_buf_create_ex	40	static
../Drivers/lvgl/src/draw/lv_draw_buf.c:293:17:lv_draw_buf_dup	16	static
../Drivers/lvgl/src/draw/lv_draw_buf.c:298:17:lv_draw_buf_dup_ex	40	static
../Drivers/lvgl/src/draw/lv_draw_buf.c:319:17:lv_draw_buf_reshape	32	static
../Drivers/lvgl/src/draw/lv_draw_buf.c:346:6:lv_draw_buf_destroy	24	static
../Drivers/lvgl/src/draw/lv_draw_buf.c:364:6:lv_draw_buf_copy	32	static
../Drivers/lvgl/src/draw/lv_draw_buf.c:375:8:lv_draw_buf_goto_xy	32	static
../Drivers/lvgl/src/draw/lv_draw_buf.c:397:13:lv_draw_buf_adjust_stride	72	static
../Drivers/lvgl/src/draw/lv_draw_buf.c:468:13:lv_draw_buf_premultiply	40	static
../Drivers/lvgl/src/draw/lv_draw_buf.c:501:6:lv_draw_buf_set_palette	32	static
../Drivers/lvgl/src/draw/lv_draw_buf.c:515:13:lv_draw_buf_from_image	48	static
../Drivers/lvgl/src/draw/lv_draw_buf.c:527:6:lv_draw_buf_to_image	16	static
../Drivers/lvgl/src/draw/lv_draw_buf.c:532:6:lv_image_buf_set_palette	24	static
../Drivers/lvgl/src/draw/lv_draw_buf.c:538:6:lv_image_buf_free	16	static
../Drivers/lvgl/src/draw/lv_draw_buf.c:553:15:buf_malloc	16	static
../Drivers/lvgl/src/draw/lv_draw_buf.c:562:13:buf_free	16	static
../Drivers/lvgl/src/draw/lv_draw_buf.c:567:13:buf_copy	56	static
../Drivers/lvgl/src/draw/lv_draw_buf.c:625:15:buf_align	24	static
../Drivers/lvgl/src/draw/lv_draw_buf.c:636:17:width_to_stride	24	static
../Drivers/lvgl/src/draw/lv_draw_buf.c:645:15:draw_buf_malloc	24	static
../Drivers/lvgl/src/draw/lv_draw_buf.c:652:13:draw_buf_free	16	static
../Drivers/lvgl/src/draw/lv_draw_buf.c:661:17:_calculate_draw_buf_size	32	static
../Drivers/lvgl/src/draw/lv_draw_buf.c:679:13:draw_buf_get_full_area	32	static
