../Core/Src/stm32h7xx_it.c:51:6:DMA2D_IRQHandler	4	static
../Core/Src/stm32h7xx_it.c:88:6:NMI_Handler	4	static
../Core/Src/stm32h7xx_it.c:103:6:HardFault_Handler	4	static
../Core/Src/stm32h7xx_it.c:118:6:MemManage_Handler	4	static
../Core/Src/stm32h7xx_it.c:133:6:BusFault_Handler	4	static
../Core/Src/stm32h7xx_it.c:148:6:UsageFault_Handler	4	static
../Core/Src/stm32h7xx_it.c:163:6:SVC_Handler	4	static
../Core/Src/stm32h7xx_it.c:176:6:DebugMon_Handler	4	static
../Core/Src/stm32h7xx_it.c:189:6:PendSV_Handler	4	static
../Core/Src/stm32h7xx_it.c:202:6:SysTick_Handler	8	static
../Core/Src/stm32h7xx_it.c:223:6:RCC_IRQHandler	4	static
../Core/Src/stm32h7xx_it.c:236:6:EXTI0_IRQHandler	8	static
../Core/Src/stm32h7xx_it.c:250:6:EXTI1_IRQHandler	8	static
../Core/Src/stm32h7xx_it.c:264:6:EXTI3_IRQHandler	8	static
../Core/Src/stm32h7xx_it.c:278:6:TIM1_CC_IRQHandler	8	static
../Core/Src/stm32h7xx_it.c:292:6:TIM2_IRQHandler	8	static
../Core/Src/stm32h7xx_it.c:306:6:I2C1_EV_IRQHandler	8	static
../Core/Src/stm32h7xx_it.c:320:6:I2C1_ER_IRQHandler	8	static
../Core/Src/stm32h7xx_it.c:334:6:FMC_IRQHandler	8	static
../Core/Src/stm32h7xx_it.c:348:6:TIM6_DAC_IRQHandler	8	static
../Core/Src/stm32h7xx_it.c:362:6:MDMA_IRQHandler	8	static
