../Drivers/lvgl/src/misc/../core/../draw/../misc/../font/../draw/../misc/../stdlib/lv_string.h:73:20:lv_memzero	16	static
../Drivers/lvgl/src/misc/lv_anim.c:70:6:lv_anim_core_init	8	static
../Drivers/lvgl/src/misc/lv_anim.c:79:6:lv_anim_core_deinit	8	static
../Drivers/lvgl/src/misc/lv_anim.c:84:6:lv_anim_enable_vsync_mode	16	static
../Drivers/lvgl/src/misc/lv_anim.c:108:6:lv_anim_init	16	static
../Drivers/lvgl/src/misc/lv_anim.c:123:13:lv_anim_start	24	static
../Drivers/lvgl/src/misc/lv_anim.c:172:10:lv_anim_get_playtime	24	static
../Drivers/lvgl/src/misc/lv_anim.c:186:6:lv_anim_delete	24	static
../Drivers/lvgl/src/misc/lv_anim.c:209:6:lv_anim_delete_all	8	static
../Drivers/lvgl/src/misc/lv_anim.c:215:13:lv_anim_get	24	static
../Drivers/lvgl/src/misc/lv_anim.c:227:14:lv_anim_get_timer	4	static
../Drivers/lvgl/src/misc/lv_anim.c:232:10:lv_anim_count_running	16	static
../Drivers/lvgl/src/misc/lv_anim.c:241:10:lv_anim_speed_clamped	24	static
../Drivers/lvgl/src/misc/lv_anim.c:266:10:lv_anim_speed	16	static
../Drivers/lvgl/src/misc/lv_anim.c:271:10:lv_anim_speed_to_time	32	static
../Drivers/lvgl/src/misc/lv_anim.c:281:6:lv_anim_refr_now	8	static
../Drivers/lvgl/src/misc/lv_anim.c:286:9:lv_anim_path_linear	32	static
../Drivers/lvgl/src/misc/lv_anim.c:301:9:lv_anim_path_ease_in	24	static
../Drivers/lvgl/src/misc/lv_anim.c:307:9:lv_anim_path_ease_out	24	static
../Drivers/lvgl/src/misc/lv_anim.c:313:9:lv_anim_path_ease_in_out	24	static
../Drivers/lvgl/src/misc/lv_anim.c:319:9:lv_anim_path_overshoot	24	static
../Drivers/lvgl/src/misc/lv_anim.c:324:9:lv_anim_path_bounce	40	static
../Drivers/lvgl/src/misc/lv_anim.c:376:9:lv_anim_path_step	16	static
../Drivers/lvgl/src/misc/lv_anim.c:384:9:lv_anim_path_custom_bezier3	32	static
../Drivers/lvgl/src/misc/lv_anim.c:390:6:lv_anim_set_var	16	static
../Drivers/lvgl/src/misc/lv_anim.c:395:6:lv_anim_set_exec_cb	16	static
../Drivers/lvgl/src/misc/lv_anim.c:400:6:lv_anim_set_duration	16	static
../Drivers/lvgl/src/misc/lv_anim.c:405:6:lv_anim_set_delay	16	static
../Drivers/lvgl/src/misc/lv_anim.c:410:6:lv_anim_set_values	24	static
../Drivers/lvgl/src/misc/lv_anim.c:417:6:lv_anim_set_custom_exec_cb	16	static
../Drivers/lvgl/src/misc/lv_anim.c:422:6:lv_anim_set_path_cb	16	static
../Drivers/lvgl/src/misc/lv_anim.c:427:6:lv_anim_set_start_cb	16	static
../Drivers/lvgl/src/misc/lv_anim.c:432:6:lv_anim_set_get_value_cb	16	static
../Drivers/lvgl/src/misc/lv_anim.c:437:6:lv_anim_set_completed_cb	16	static
../Drivers/lvgl/src/misc/lv_anim.c:442:6:lv_anim_set_deleted_cb	16	static
../Drivers/lvgl/src/misc/lv_anim.c:447:6:lv_anim_set_reverse_duration	16	static
../Drivers/lvgl/src/misc/lv_anim.c:452:6:lv_anim_set_reverse_time	16	static
../Drivers/lvgl/src/misc/lv_anim.c:457:6:lv_anim_set_reverse_delay	16	static
../Drivers/lvgl/src/misc/lv_anim.c:462:6:lv_anim_set_repeat_count	16	static
../Drivers/lvgl/src/misc/lv_anim.c:467:6:lv_anim_set_repeat_delay	16	static
../Drivers/lvgl/src/misc/lv_anim.c:472:6:lv_anim_set_early_apply	16	static
../Drivers/lvgl/src/misc/lv_anim.c:477:6:lv_anim_set_user_data	16	static
../Drivers/lvgl/src/misc/lv_anim.c:482:6:lv_anim_set_bezier3_param	32	static
../Drivers/lvgl/src/misc/lv_anim.c:492:10:lv_anim_get_delay	16	static
../Drivers/lvgl/src/misc/lv_anim.c:497:10:lv_anim_get_time	16	static
../Drivers/lvgl/src/misc/lv_anim.c:502:10:lv_anim_get_repeat_count	16	static
../Drivers/lvgl/src/misc/lv_anim.c:507:8:lv_anim_get_user_data	16	static
../Drivers/lvgl/src/misc/lv_anim.c:512:6:lv_anim_custom_delete	16	static
../Drivers/lvgl/src/misc/lv_anim.c:517:13:lv_anim_custom_get	16	static
../Drivers/lvgl/src/misc/lv_anim.c:522:10:lv_anim_resolve_speed	48	static
../Drivers/lvgl/src/misc/lv_anim.c:536:6:lv_anim_is_paused	16	static
../Drivers/lvgl/src/misc/lv_anim.c:542:6:lv_anim_pause	16	static
../Drivers/lvgl/src/misc/lv_anim.c:548:6:lv_anim_pause_for	16	static
../Drivers/lvgl/src/misc/lv_anim.c:554:6:lv_anim_resume	16	static
../Drivers/lvgl/src/misc/lv_anim.c:583:13:anim_timer	56	static
../Drivers/lvgl/src/misc/lv_anim.c:681:13:anim_completed_handler	24	static
../Drivers/lvgl/src/misc/lv_anim.c:736:13:anim_vsync_event	16	static
../Drivers/lvgl/src/misc/lv_anim.c:742:13:anim_mark_list_change	8	static
../Drivers/lvgl/src/misc/lv_anim.c:770:16:lv_anim_path_cubic_bezier	48	static
../Drivers/lvgl/src/misc/lv_anim.c:784:13:lv_anim_pause_for_internal	16	static
../Drivers/lvgl/src/misc/lv_anim.c:792:13:resolve_time	16	static
../Drivers/lvgl/src/misc/lv_anim.c:806:13:remove_concurrent_anims	24	static
../Drivers/lvgl/src/misc/lv_anim.c:847:13:remove_anim	24	static
