../Drivers/lvgl/src/misc/../misc/../stdlib/lv_string.h:73:20:lv_memzero	16	static
../Drivers/lvgl/src/misc/lv_fs.c:55:6:lv_fs_init	8	static
../Drivers/lvgl/src/misc/lv_fs.c:60:6:lv_fs_deinit	8	static
../Drivers/lvgl/src/misc/lv_fs.c:65:6:lv_fs_is_ready	24	static
../Drivers/lvgl/src/misc/lv_fs.c:76:13:lv_fs_open	48	static
../Drivers/lvgl/src/misc/lv_fs.c:148:6:lv_fs_make_path_from_buffer	40	static
../Drivers/lvgl/src/misc/lv_fs.c:162:13:lv_fs_get_buffer_from_path	32	static
../Drivers/lvgl/src/misc/lv_fs.c:194:13:lv_fs_close	24	static
../Drivers/lvgl/src/misc/lv_fs.c:226:13:lv_fs_read	48	static
../Drivers/lvgl/src/misc/lv_fs.c:257:13:lv_fs_write	48	static
../Drivers/lvgl/src/misc/lv_fs.c:288:13:lv_fs_seek	40	static
../Drivers/lvgl/src/misc/lv_fs.c:316:13:lv_fs_tell	24	static
../Drivers/lvgl/src/misc/lv_fs.c:344:13:lv_fs_get_size	24	static
../Drivers/lvgl/src/misc/lv_fs.c:369:13:lv_fs_path_get_size	32	static
../Drivers/lvgl/src/misc/lv_fs.c:391:13:lv_fs_load_to_buf	48	static
../Drivers/lvgl/src/misc/lv_fs.c:416:8:lv_fs_load_with_alloc	40	static
../Drivers/lvgl/src/misc/lv_fs.c:452:13:lv_fs_dir_open	32	static
../Drivers/lvgl/src/misc/lv_fs.c:491:13:lv_fs_dir_read	40	static
../Drivers/lvgl/src/misc/lv_fs.c:516:13:lv_fs_dir_close	24	static
../Drivers/lvgl/src/misc/lv_fs.c:538:6:lv_fs_drv_init	16	static
../Drivers/lvgl/src/misc/lv_fs.c:543:6:lv_fs_drv_register	24	static
../Drivers/lvgl/src/misc/lv_fs.c:554:6:lv_fs_remove_drive	24	static
../Drivers/lvgl/src/misc/lv_fs.c:568:15:lv_fs_get_drv	24	static
../Drivers/lvgl/src/misc/lv_fs.c:581:8:lv_fs_get_letters	24	static
../Drivers/lvgl/src/misc/lv_fs.c:596:14:lv_fs_get_ext	24	static
../Drivers/lvgl/src/misc/lv_fs.c:611:8:lv_fs_up	24	static
../Drivers/lvgl/src/misc/lv_fs.c:637:14:lv_fs_get_last	24	static
../Drivers/lvgl/src/misc/lv_fs.c:663:5:lv_fs_path_join	48	static
../Drivers/lvgl/src/misc/lv_fs.c:695:24:lv_fs_resolve_path	24	static
../Drivers/lvgl/src/misc/lv_fs.c:724:20:lv_fs_read_cached	88	static
../Drivers/lvgl/src/misc/lv_fs.c:809:20:lv_fs_write_cached	64	static
../Drivers/lvgl/src/misc/lv_fs.c:853:20:lv_fs_seek_cached	40	static
