../Drivers/lvgl/src/debugging/sysmon/../../core/../misc/../font/../draw/../misc/../stdlib/lv_string.h:73:20:lv_memzero	16	static
../Drivers/lvgl/src/debugging/sysmon/../../core/lv_obj_style.h:276:20:lv_obj_set_style_pad_all	24	static
../Drivers/lvgl/src/debugging/sysmon/lv_sysmon.c:65:6:lv_sysmon_builtin_init	8	static
../Drivers/lvgl/src/debugging/sysmon/lv_sysmon.c:75:6:lv_sysmon_builtin_deinit	8	static
../Drivers/lvgl/src/debugging/sysmon/lv_sysmon.c:82:12:lv_sysmon_create	32	static
../Drivers/lvgl/src/debugging/sysmon/lv_sysmon.c:102:6:lv_sysmon_show_performance	16	static
../Drivers/lvgl/src/debugging/sysmon/lv_sysmon.c:131:6:lv_sysmon_hide_performance	16	static
../Drivers/lvgl/src/debugging/sysmon/lv_sysmon.c:142:6:lv_sysmon_performance_dump	16	static
../Drivers/lvgl/src/debugging/sysmon/lv_sysmon.c:152:6:lv_sysmon_performance_resume	16	static
../Drivers/lvgl/src/debugging/sysmon/lv_sysmon.c:157:6:lv_sysmon_performance_pause	16	static
../Drivers/lvgl/src/debugging/sysmon/lv_sysmon.c:166:6:lv_sysmon_show_memory	16	static
../Drivers/lvgl/src/debugging/sysmon/lv_sysmon.c:188:6:lv_sysmon_hide_memory	16	static
../Drivers/lvgl/src/debugging/sysmon/lv_sysmon.c:207:13:perf_monitor_disp_event_cb	32	static
../Drivers/lvgl/src/debugging/sysmon/lv_sysmon.c:258:13:perf_dump_info	120	static
../Drivers/lvgl/src/debugging/sysmon/lv_sysmon.c:309:13:perf_update_timer_cb	24	static
../Drivers/lvgl/src/debugging/sysmon/lv_sysmon.c:316:13:perf_observer_cb	48	static
../Drivers/lvgl/src/debugging/sysmon/lv_sysmon.c:363:13:perf_control	16	static
../Drivers/lvgl/src/debugging/sysmon/lv_sysmon.c:385:13:mem_update_timer_cb	24	static
../Drivers/lvgl/src/debugging/sysmon/lv_sysmon.c:392:13:mem_observer_cb	64	static
