../Core/Src/User_Libs/st7365_3.5Inch.c:25:6:LCD_TE_BeginWait	32	static,ignoring_inline_asm
../Core/Src/User_Libs/st7365_3.5Inch.c:39:6:LCD_TE_IsReady	8	static
../Core/Src/User_Libs/st7365_3.5Inch.c:62:6:LCD_WaitForTE	24	static
../Core/Src/User_Libs/st7365_3.5Inch.c:85:6:delay	16	static
../Core/Src/User_Libs/st7365_3.5Inch.c:92:6:LCD_IO_WriteReg	16	static,ignoring_inline_asm
../Core/Src/User_Libs/st7365_3.5Inch.c:100:6:LCD_IO_WriteData	16	static,ignoring_inline_asm
../Core/Src/User_Libs/st7365_3.5Inch.c:108:6:hardRst	8	static
../Core/Src/User_Libs/st7365_3.5Inch.c:121:6:LCD_Init	8	static
../Core/Src/User_Libs/st7365_3.5Inch.c:182:6:LCD_SetWindow	24	static
../Core/Src/User_Libs/st7365_3.5Inch.c:199:6:LCD_WriteBitmap	32	static,ignoring_inline_asm
../Core/Src/User_Libs/st7365_3.5Inch.c:228:6:LCD_DrawPixel	16	static,ignoring_inline_asm
../Core/Src/User_Libs/st7365_3.5Inch.c:238:6:LCD_DrawRecFill	32	static,ignoring_inline_asm
../Core/Src/User_Libs/st7365_3.5Inch.c:262:6:Fill	24	static
../Core/Src/User_Libs/st7365_3.5Inch.c:268:6:LCD_CleanDCacheForMDMA	40	static,ignoring_inline_asm
../Core/Src/User_Libs/st7365_3.5Inch.c:307:13:LCD_MDMA_FinishFromISR	16	static,ignoring_inline_asm
../Core/Src/User_Libs/st7365_3.5Inch.c:315:13:LCD_MDMA_ChunkCompleteCallback	24	static
../Core/Src/User_Libs/st7365_3.5Inch.c:351:13:LCD_MDMA_ErrorCallback	16	static
../Core/Src/User_Libs/st7365_3.5Inch.c:361:26:LCD_MDMA_StartNextChunk	24	static
../Core/Src/User_Libs/st7365_3.5Inch.c:387:19:LCD_StartBitmapMDMA_IT	32	static,ignoring_inline_asm
../Core/Src/User_Libs/st7365_3.5Inch.c:446:19:LCD_WriteBitmapDMA	48	static,ignoring_inline_asm
../Core/Src/User_Libs/st7365_3.5Inch.c:503:19:LCD_WriteBitmapDMA2	48	static,ignoring_inline_asm
